
> atom@1.0.0 test
> jest --testPathPatterns=useCache.test.ts --no-coverage

  console.log
    Cache operation for test-key: 0.00ms

      at src/hooks/useCache.ts:238:19

  console.warn
    Cache error for test-key: Error: Fetch failed
        at Object.<anonymous> (C:\Users\badri\Downloads\atom\src\hooks\__tests__\useCache.test.ts:75:19)
        at Promise.finally.completed (C:\Users\badri\Downloads\atom\node_modules\jest-circus\build\jestAdapterInit.js:1557:28)
        at new Promise (<anonymous>)
        at callAsyncCircusFn (C:\Users\badri\Downloads\atom\node_modules\jest-circus\build\jestAdapterInit.js:1497:10)
        at _callCircusTest (C:\Users\badri\Downloads\atom\node_modules\jest-circus\build\jestAdapterInit.js:1007:40)
        at _runTest (C:\Users\badri\Downloads\atom\node_modules\jest-circus\build\jestAdapterInit.js:947:3)
        at C:\Users\badri\Downloads\atom\node_modules\jest-circus\build\jestAdapterInit.js:849:7
        at _runTestsForDescribeBlock (C:\Users\badri\Downloads\atom\node_modules\jest-circus\build\jestAdapterInit.js:862:11)
        at _runTestsForDescribeBlock (C:\Users\badri\Downloads\atom\node_modules\jest-circus\build\jestAdapterInit.js:857:11)
        at run (C:\Users\badri\Downloads\atom\node_modules\jest-circus\build\jestAdapterInit.js:761:3)
        at runAndTransformResultsToJestFormat (C:\Users\badri\Downloads\atom\node_modules\jest-circus\build\jestAdapterInit.js:1918:21)
        at jestAdapter (C:\Users\badri\Downloads\atom\node_modules\jest-circus\build\runner.js:101:19)
        at runTestInternal (C:\Users\badri\Downloads\atom\node_modules\jest-runner\build\index.js:275:16)
        at runTest (C:\Users\badri\Downloads\atom\node_modules\jest-runner\build\index.js:343:7)

    [0m [90m 250 |[39m         setError(error)[33m;[39m
     [90m 251 |[39m       }
    [31m[1m>[22m[39m[90m 252 |[39m       console[33m.[39mwarn([32m`Cache error for ${key}:`[39m[33m,[39m err)[33m;[39m
     [90m     |[39m               [31m[1m^[22m[39m
     [90m 253 |[39m     } [36mfinally[39m {
     [90m 254 |[39m       [36mif[39m (mountedRef[33m.[39mcurrent) {
     [90m 255 |[39m         setIsLoading([36mfalse[39m)[33m;[39m[0m

      at src/hooks/useCache.ts:252:15

  console.log
    Cache operation for test-key: 0.00ms

      at src/hooks/useCache.ts:238:19

  console.log
    Cache operation for test-key: 50.00ms

      at src/hooks/useCache.ts:238:19

  console.warn
    Cache error for test-key: Error: Fetch failed
        at Object.<anonymous> (C:\Users\badri\Downloads\atom\src\hooks\__tests__\useCache.test.ts:174:31)
        at C:\Users\badri\Downloads\atom\node_modules\jest-mock\build\index.js:305:39
        at Object.<anonymous> (C:\Users\badri\Downloads\atom\node_modules\jest-mock\build\index.js:312:13)
        at Object.mockConstructor [as current] (C:\Users\badri\Downloads\atom\node_modules\jest-mock\build\index.js:102:19)
        at C:\Users\badri\Downloads\atom\src\hooks\useCache.ts:200:42
        at Object.refetch (C:\Users\badri\Downloads\atom\src\hooks\useCache.ts:261:12)
        at C:\Users\badri\Downloads\atom\src\hooks\__tests__\useCache.test.ts:189:22
        at C:\Users\badri\Downloads\atom\node_modules\@testing-library\react\dist\act-compat.js:48:24
        at process.env.NODE_ENV.exports.act (C:\Users\badri\Downloads\atom\node_modules\react\cjs\react.development.js:814:22)
        at C:\Users\badri\Downloads\atom\node_modules\@testing-library\react\dist\act-compat.js:47:25
        at Object.<anonymous> (C:\Users\badri\Downloads\atom\src\hooks\__tests__\useCache.test.ts:188:8)

    [0m [90m 250 |[39m         setError(error)[33m;[39m
     [90m 251 |[39m       }
    [31m[1m>[22m[39m[90m 252 |[39m       console[33m.[39mwarn([32m`Cache error for ${key}:`[39m[33m,[39m err)[33m;[39m
     [90m     |[39m               [31m[1m^[22m[39m
     [90m 253 |[39m     } [36mfinally[39m {
     [90m 254 |[39m       [36mif[39m (mountedRef[33m.[39mcurrent) {
     [90m 255 |[39m         setIsLoading([36mfalse[39m)[33m;[39m[0m

      at src/hooks/useCache.ts:252:15

  console.warn
    Cache error for test-key: Error: Fetch failed
        at Object.<anonymous> (C:\Users\badri\Downloads\atom\src\hooks\__tests__\useCache.test.ts:174:31)
        at C:\Users\badri\Downloads\atom\node_modules\jest-mock\build\index.js:305:39
        at Object.<anonymous> (C:\Users\badri\Downloads\atom\node_modules\jest-mock\build\index.js:312:13)
        at Object.mockConstructor [as current] (C:\Users\badri\Downloads\atom\node_modules\jest-mock\build\index.js:102:19)
        at C:\Users\badri\Downloads\atom\src\hooks\useCache.ts:200:42
        at Object.refetch (C:\Users\badri\Downloads\atom\src\hooks\useCache.ts:261:12)
        at C:\Users\badri\Downloads\atom\src\hooks\__tests__\useCache.test.ts:202:22
        at C:\Users\badri\Downloads\atom\node_modules\@testing-library\react\dist\act-compat.js:48:24
        at process.env.NODE_ENV.exports.act (C:\Users\badri\Downloads\atom\node_modules\react\cjs\react.development.js:814:22)
        at C:\Users\badri\Downloads\atom\node_modules\@testing-library\react\dist\act-compat.js:47:25
        at Object.<anonymous> (C:\Users\badri\Downloads\atom\src\hooks\__tests__\useCache.test.ts:201:8)

    [0m [90m 250 |[39m         setError(error)[33m;[39m
     [90m 251 |[39m       }
    [31m[1m>[22m[39m[90m 252 |[39m       console[33m.[39mwarn([32m`Cache error for ${key}:`[39m[33m,[39m err)[33m;[39m
     [90m     |[39m               [31m[1m^[22m[39m
     [90m 253 |[39m     } [36mfinally[39m {
     [90m 254 |[39m       [36mif[39m (mountedRef[33m.[39mcurrent) {
     [90m 255 |[39m         setIsLoading([36mfalse[39m)[33m;[39m[0m

      at src/hooks/useCache.ts:252:15

  console.warn
    Mutation error for test-key: Error: Mutation failed
        at Object.<anonymous> (C:\Users\badri\Downloads\atom\src\hooks\__tests__\useCache.test.ts:245:31)
        at C:\Users\badri\Downloads\atom\node_modules\jest-mock\build\index.js:305:39
        at Object.<anonymous> (C:\Users\badri\Downloads\atom\node_modules\jest-mock\build\index.js:312:13)
        at Object.mockConstructor [as current] (C:\Users\badri\Downloads\atom\node_modules\jest-mock\build\index.js:102:19)
        at Object.mutate (C:\Users\badri\Downloads\atom\src\hooks\useCache.ts:353:41)
        at C:\Users\badri\Downloads\atom\src\hooks\__tests__\useCache.test.ts:260:22
        at C:\Users\badri\Downloads\atom\node_modules\@testing-library\react\dist\act-compat.js:48:24
        at process.env.NODE_ENV.exports.act (C:\Users\badri\Downloads\atom\node_modules\react\cjs\react.development.js:814:22)
        at C:\Users\badri\Downloads\atom\node_modules\@testing-library\react\dist\act-compat.js:47:25
        at Object.<anonymous> (C:\Users\badri\Downloads\atom\src\hooks\__tests__\useCache.test.ts:259:8)

    [0m [90m 366 |[39m         setError(error)[33m;[39m
     [90m 367 |[39m       }
    [31m[1m>[22m[39m[90m 368 |[39m       console[33m.[39mwarn([32m`Mutation error for ${key}:`[39m[33m,[39m err)[33m;[39m
     [90m     |[39m               [31m[1m^[22m[39m
     [90m 369 |[39m       [36mthrow[39m error[33m;[39m
     [90m 370 |[39m     }
     [90m 371 |[39m   }[33m,[39m [key[33m,[39m data[33m,[39m cacheOptions[33m.[39mttl])[33m;[39m[0m

      at Object.mutate (src/hooks/useCache.ts:368:15)

npm : FAIL src/hooks/__tests__/useCache.test.ts
At line:1 char:1
+ npm test -- --testPathPatterns=useCache.test.ts --no-coverage 2>&1 >  ...
+ ~~~~~~~~~~~~~~~~~~~~~~~~~~~~~~~~~~~~~~~~~~~~~~~~~~~~~~~~~~~~~~~~~~~~~
    + CategoryInfo          : NotSpecified: (FAIL src/hooks/...seCache.tes 
   t.ts:String) [], RemoteException
    + FullyQualifiedErrorId : NativeCommandError
 
  useCache
    ΓêÜ should return cached data when available (34 ms)
    ΓêÜ should refetch when cache is stale (36 ms)
    ΓêÜ should handle errors gracefully (29 ms)
    ΓêÜ should invalidate cache (9 ms)
    ΓêÜ should refetch on window focus when enabled (5 ms)
    ΓêÜ should refetch at specified interval (8 ms)
    ΓêÜ should apply optimistic update on refetch (9 ms)
    ΓêÜ should revert optimistic update on error (25 ms)
    ΓêÜ should mutate with optimistic update (5 ms)
    ├ù should revert mutation on error (13 ms)

  ΓùÅ useCache ΓÇ║ should revert mutation on error

    Mutation failed

    [0m [90m 243 |[39m     [36mconst[39m fetcher [33m=[39m 
jest[33m.[39mfn()[33m.[39mmockImplementation(() [33m=>[39m {
     [90m 244 |[39m       [36mif[39m (shouldFail) {
    [31m[1m>[22m[39m[90m 245 |[39m         [36mreturn[39m 
[33mPromise[39m[33m.[39mreject([36mnew[39m 
[33mError[39m([32m'Mutation failed'[39m))[33m;[39m
     [90m     |[39m                               [31m[1m^[22m[39m
     [90m 246 |[39m       }
     [90m 247 |[39m       [36mreturn[39m 
[33mPromise[39m[33m.[39mresolve(initialData)[33m;[39m
     [90m 248 |[39m     })[33m;[39m[0m

      at Object.<anonymous> (src/hooks/__tests__/useCache.test.ts:245:31)
      at Object.mutate (src/hooks/useCache.ts:353:41)
      at src/hooks/__tests__/useCache.test.ts:260:22
      at node_modules/@testing-library/react/dist/act-compat.js:48:24
      at process.env.NODE_ENV.exports.act 
(node_modules/react/cjs/react.development.js:814:22)
      at node_modules/@testing-library/react/dist/act-compat.js:47:25
      at Object.<anonymous> (src/hooks/__tests__/useCache.test.ts:259:8)

  ΓùÅ useCache ΓÇ║ should revert mutation on error

    Mutation failed

    [0m [90m 243 |[39m     [36mconst[39m fetcher [33m=[39m 
jest[33m.[39mfn()[33m.[39mmockImplementation(() [33m=>[39m {
     [90m 244 |[39m       [36mif[39m (shouldFail) {
    [31m[1m>[22m[39m[90m 245 |[39m         [36mreturn[39m 
[33mPromise[39m[33m.[39mreject([36mnew[39m 
[33mError[39m([32m'Mutation failed'[39m))[33m;[39m
     [90m     |[39m                               [31m[1m^[22m[39m
     [90m 246 |[39m       }
     [90m 247 |[39m       [36mreturn[39m 
[33mPromise[39m[33m.[39mresolve(initialData)[33m;[39m
     [90m 248 |[39m     })[33m;[39m[0m

      at Object.<anonymous> (src/hooks/__tests__/useCache.test.ts:245:31)
      at Object.mutate (src/hooks/useCache.ts:353:41)
      at src/hooks/__tests__/useCache.test.ts:260:22
      at node_modules/@testing-library/react/dist/act-compat.js:48:24
      at process.env.NODE_ENV.exports.act 
(node_modules/react/cjs/react.development.js:814:22)
      at node_modules/@testing-library/react/dist/act-compat.js:47:25
      at Object.<anonymous> (src/hooks/__tests__/useCache.test.ts:259:8)

  ΓùÅ useCache ΓÇ║ should revert mutation on error

    Mutation failed

    [0m [90m 243 |[39m     [36mconst[39m fetcher [33m=[39m 
jest[33m.[39mfn()[33m.[39mmockImplementation(() [33m=>[39m {
     [90m 244 |[39m       [36mif[39m (shouldFail) {
    [31m[1m>[22m[39m[90m 245 |[39m         [36mreturn[39m 
[33mPromise[39m[33m.[39mreject([36mnew[39m 
[33mError[39m([32m'Mutation failed'[39m))[33m;[39m
     [90m     |[39m                               [31m[1m^[22m[39m
     [90m 246 |[39m       }
     [90m 247 |[39m       [36mreturn[39m 
[33mPromise[39m[33m.[39mresolve(initialData)[33m;[39m
     [90m 248 |[39m     })[33m;[39m[0m

      at Object.<anonymous> (src/hooks/__tests__/useCache.test.ts:245:31)
      at Object.mutate (src/hooks/useCache.ts:353:41)
      at src/hooks/__tests__/useCache.test.ts:260:22
      at node_modules/@testing-library/react/dist/act-compat.js:48:24
      at process.env.NODE_ENV.exports.act 
(node_modules/react/cjs/react.development.js:814:22)
      at node_modules/@testing-library/react/dist/act-compat.js:47:25
      at Object.<anonymous> (src/hooks/__tests__/useCache.test.ts:259:8)

Test Suites: 1 failed, 1 total
Tests:       1 failed, 9 passed, 10 total
Snapshots:   0 total
Time:        1.648 s
Ran all test suites matching useCache.test.ts.
