============================= test session starts =============================
platform win32 -- Python 3.13.1, pytest-7.4.4, pluggy-1.6.0
rootdir: C:\Users\Mannan Bajaj\atom\backend
plugins: anyio-4.9.0, langsmith-0.4.59, asyncio-0.23.8, cov-4.1.0
asyncio: mode=Mode.STRICT
collected 7 items

tests\grey_box\test_llm_mocking.py FF                                    [ 28%]
tests\grey_box\test_schema_contracts.py ...                              [ 71%]
tests\grey_box\test_tool_mocking.py FF                                   [100%]

================================== FAILURES ===================================
__________________________ test_routing_logic_sales ___________________________

mock_env_vars = None

    @pytest.mark.asyncio
    async def test_routing_logic_sales(mock_env_vars):
        """Test that the system routes to SALES logic when LLM returns Sales intent"""
        service = RealAIWorkflowService()
        await service.initialize_sessions()
    
        # Inject a FIXED response from the LLM
        mock_response = {
            "intent": "Create a new lead",
            "workflow_suggestion": {
                "nodes": [
                    {"service": "salesforce", "action": "create_lead", "params": {"name": "Test Lead"}}
                ]
            },
            "confidence": 0.99,
            "ai_provider_used": "mock_provider"
        }
    
        # Mock the API call to return this JSON
        # We strip the json parsing in the real method, so we mock the *text* result usually,
        # but the service methods return 'content'.
    
        # Actually, process_with_nlu calls call_x_api which returns a dict with 'content'.
        # The 'content' string is then JSON parsed.
    
        fixed_json_string = json.dumps(mock_response)
    
        service.call_openai_api = AsyncMock(return_value={
            'content': fixed_json_string,
            'confidence': 0.99,
            'token_usage': {},
            'provider': 'openai'
        })
    
        # Act
        result = await service.process_with_nlu("This input does not matter", provider="openai")
    
        # Assert
        # The system should trust the LLM's "Salesforce" suggestion
>       assert result['intent'] == "Create a new lead"
E       AssertionError: assert 'No actionabl...uest provided' == 'Create a new lead'
E         - Create a new lead
E         + No actionable request provided

tests\grey_box\test_llm_mocking.py:45: AssertionError
---------------------------- Captured stdout call -----------------------------
DEBUG: Raw DEEPSEEK_API_KEY from env: True (Len: 35)
DEBUG: RealAIWorkflowService Initialized.
DEBUG: Final Deepseek Key present: True
DEBUG: HTTP Sessions initialized explicitly.
DEBUG: Providers to try: ['openai', 'deepseek']
DEBUG: Attempting provider: openai
DEBUG: Attempting provider: deepseek
DEBUG: Deepseek API Response Status: 200
DEBUG: RAW AI RESPONSE (len=129): {
    "intent": "No actionable request provided",
    "workflow_suggestion": {
        "nodes": []
    },
    "confidence": 0.0
}
------------------------------ Captured log call ------------------------------
ERROR    core.byok_endpoints:byok_endpoints.py:342 Failed to decrypt API key deepseek_default_production: 
ERROR    core.lancedb_handler:lancedb_handler.py:145 Sentence transformers not available for local embeddings
WARNING  core.lancedb_handler:lancedb_handler.py:561 LanceDB not initialized, chat history disabled
ERROR    core.lancedb_handler:lancedb_handler.py:145 Sentence transformers not available for local embeddings
_________________________ test_malformed_llm_response _________________________

mock_env_vars = None

    @pytest.mark.asyncio
    async def test_malformed_llm_response(mock_env_vars):
        """Test behavior when LLM returns garbage non-JSON"""
        service = RealAIWorkflowService()
        await service.initialize_sessions()
    
        service.call_openai_api = AsyncMock(return_value={
            'content': "I am not returning JSON, I am just chatting.",
            'confidence': 0.5,
            'token_usage': {},
            'provider': 'openai'
        })
    
        # Act
        # The system should fall back to creating a structured task from the raw text
        result = await service.process_with_nlu("test", provider="openai")
    
        # Assert
        # Should use fallback logic (create 'tasks' list from text)
        assert "intent" in result
>       assert result['intent'] == "I am not returning JSON, I am just chatting."
E       AssertionError: assert 'Test request analysis' == 'I am not ret...ust chatting.'
E         - I am not returning JSON, I am just chatting.
E         + Test request analysis

tests\grey_box\test_llm_mocking.py:70: AssertionError
---------------------------- Captured stdout call -----------------------------
DEBUG: Raw DEEPSEEK_API_KEY from env: True (Len: 35)
DEBUG: RealAIWorkflowService Initialized.
DEBUG: Final Deepseek Key present: True
DEBUG: HTTP Sessions initialized explicitly.
DEBUG: Providers to try: ['openai', 'deepseek']
DEBUG: Attempting provider: openai
DEBUG: Attempting provider: deepseek
DEBUG: Deepseek API Response Status: 200
DEBUG: RAW AI RESPONSE (len=430): {
    "intent": "Test request analysis",
    "workflow_suggestion": {
        "nodes": [
            {"service": "slack", "action": "post_message", "params": {"channel": "general", "text": "Test automation triggered."}},
            {"service": "gmail", "action": "send_email", "params": {"to": "admin@example.com", "subject": "Test Notification", "body": "A test request was analyzed."}}
        ]
    },
    "confidence": 0.85
}
------------------------------ Captured log call ------------------------------
ERROR    core.byok_endpoints:byok_endpoints.py:342 Failed to decrypt API key deepseek_default_production:
____________________________ test_tool_failure_500 ____________________________

mock_env_vars = None

    @pytest.mark.asyncio
    async def test_tool_failure_500(mock_env_vars):
        """Test that a 500 error from an AI provider is handled gracefully"""
        service = RealAIWorkflowService()
        await service.initialize_sessions()
    
        # Mock the specific provider call to raise an exception or return error dict
        # We patch the instance method directly on the service object we created
        # Note: 'analyze_text' calls 'process_with_nlu' or specific 'call_x_api'
    
        # Let's force 'analyze_text' to use 'openai' and mock 'call_openai_api' to fail
>       with pytest.patch.object(service, 'call_openai_api', side_effect=Exception("API Error 500")):

tests\grey_box\test_tool_mocking.py:16: 
_ _ _ _ _ _ _ _ _ _ _ _ _ _ _ _ _ _ _ _ _ _ _ _ _ _ _ _ _ _ _ _ _ _ _ _ _ _ _ _

name = 'patch'

    def __getattr__(name: str) -> object:
        if name == "Instance":
            # The import emits a deprecation warning.
            from _pytest.python import Instance
    
            return Instance
>       raise AttributeError(f"module {__name__} has no attribute {name}")
E       AttributeError: module pytest has no attribute patch

..\..\AppData\Roaming\Python\Python313\site-packages\pytest\__init__.py:171: AttributeError
---------------------------- Captured stdout call -----------------------------
DEBUG: Raw DEEPSEEK_API_KEY from env: True (Len: 35)
DEBUG: RealAIWorkflowService Initialized.
DEBUG: Final Deepseek Key present: True
DEBUG: HTTP Sessions initialized explicitly.
------------------------------ Captured log call ------------------------------
ERROR    core.byok_endpoints:byok_endpoints.py:342 Failed to decrypt API key deepseek_default_production:
______________________________ test_tool_timeout ______________________________

mock_env_vars = None

    @pytest.mark.asyncio
    async def test_tool_timeout(mock_env_vars):
        """Test that a timeout is handled"""
        service = RealAIWorkflowService()
        await service.initialize_sessions()
    
        # Simulate timeout
>       with pytest.patch.object(service, 'call_openai_api', side_effect=TimeoutError("Connection Timed Out")):

tests\grey_box\test_tool_mocking.py:38: 
_ _ _ _ _ _ _ _ _ _ _ _ _ _ _ _ _ _ _ _ _ _ _ _ _ _ _ _ _ _ _ _ _ _ _ _ _ _ _ _

name = 'patch'

    def __getattr__(name: str) -> object:
        if name == "Instance":
            # The import emits a deprecation warning.
            from _pytest.python import Instance
    
            return Instance
>       raise AttributeError(f"module {__name__} has no attribute {name}")
E       AttributeError: module pytest has no attribute patch

..\..\AppData\Roaming\Python\Python313\site-packages\pytest\__init__.py:171: AttributeError
---------------------------- Captured stdout call -----------------------------
DEBUG: Raw DEEPSEEK_API_KEY from env: True (Len: 35)
DEBUG: RealAIWorkflowService Initialized.
DEBUG: Final Deepseek Key present: True
DEBUG: HTTP Sessions initialized explicitly.
------------------------------ Captured log call ------------------------------
ERROR    core.byok_endpoints:byok_endpoints.py:342 Failed to decrypt API key deepseek_default_production:
============================== warnings summary ===============================
enhanced_ai_workflow_endpoints.py:683
  C:\Users\Mannan Bajaj\atom\backend\enhanced_ai_workflow_endpoints.py:683: DeprecationWarning: 
          on_event is deprecated, use lifespan event handlers instead.
  
          Read more about it in the
          [FastAPI docs for Lifespan Events](https://fastapi.tiangolo.com/advanced/events/).
          
    @router.on_event("startup")

enhanced_ai_workflow_endpoints.py:688
  C:\Users\Mannan Bajaj\atom\backend\enhanced_ai_workflow_endpoints.py:688: DeprecationWarning: 
          on_event is deprecated, use lifespan event handlers instead.
  
          Read more about it in the
          [FastAPI docs for Lifespan Events](https://fastapi.tiangolo.com/advanced/events/).
          
    @router.on_event("shutdown")

core\messaging_schemas.py:15
  C:\Users\Mannan Bajaj\atom\backend\core\messaging_schemas.py:15: PydanticDeprecatedSince20: Pydantic V1 style `@validator` validators are deprecated. You should migrate to Pydantic V2 style `@field_validator` validators, see the migration guide for more details. Deprecated in Pydantic V2.0 to be removed in V3.0. See Pydantic V2 Migration Guide at https://errors.pydantic.dev/2.11/migration/
    @validator('user_id')

tests/grey_box/test_schema_contracts.py::test_schema_validation_success
tests/grey_box/test_schema_contracts.py::test_schema_validation_missing_field
tests/grey_box/test_schema_contracts.py::test_schema_validation_empty_string
  C:\Users\Mannan Bajaj\AppData\Roaming\Python\Python313\site-packages\pydantic\main.py:253: DeprecationWarning: datetime.datetime.utcnow() is deprecated and scheduled for removal in a future version. Use timezone-aware objects to represent datetimes in UTC: datetime.datetime.now(datetime.UTC).
    validated_self = self.__pydantic_validator__.validate_python(data, self_instance=self)

-- Docs: https://docs.pytest.org/en/stable/how-to/capture-warnings.html
=========================== short test summary info ===========================
FAILED tests/grey_box/test_llm_mocking.py::test_routing_logic_sales - Asserti...
FAILED tests/grey_box/test_llm_mocking.py::test_malformed_llm_response - Asse...
FAILED tests/grey_box/test_tool_mocking.py::test_tool_failure_500 - Attribute...
FAILED tests/grey_box/test_tool_mocking.py::test_tool_timeout - AttributeErro...
================== 4 failed, 3 passed, 6 warnings in 20.49s ===================
python : Unclosed 
client session
At line:1 char:1
+ python -m pytest 
"tests/grey_box" > 
test_output.txt 2>&1
+ ~~~~~~~~~~~~~~~~~~~
~~~~~~~~~~~~~~~~~~~~~
~~~~~~~~~~~~~~~~
    + CategoryInfo   
           : NotSpe  
  cified: (Unclose   
 d client session    
:String) [], Rem    
oteException
    + FullyQualified 
   ErrorId : Native  
  CommandError
 
client_session: <aioh
ttp.client.ClientSess
ion object at 
0x000002323FB257F0>
Unclosed connector
connections: ['deque(
[(<aiohttp.client_pro
to.ResponseHandler 
object at 
0x0000023288FA15B0>, 
1345740.6733258)])']
connector: <aiohttp.c
onnector.TCPConnector
 object at 
0x000002323FB25D30>
Unclosed client 
session
client_session: <aioh
ttp.client.ClientSess
ion object at 
0x000002328897D310>
Unclosed client 
session
client_session: <aioh
ttp.client.ClientSess
ion object at 
0x000002328897C2D0>
Unclosed connector
connections: ['deque(
[(<aiohttp.client_pro
to.ResponseHandler 
object at 
0x000002328A062030>, 
1345746.3516925)])']
connector: <aiohttp.c
onnector.TCPConnector
 object at 
0x000002328897C550>
Unclosed client 
session
client_session: <aioh
ttp.client.ClientSess
ion object at 
0x000002328897E710>
